// Vitest Snapshot v1, https://vitest.dev/guide/snapshot.html

exports[`App Test > 结点渲染测试 1`] = `
"<section data-v-7a7a37b1=\\"\\" class=\\"el-container is-vertical\\">
  <header data-v-7a7a37b1=\\"\\" class=\\"el-header\\">
    <h2 data-v-7a7a37b1=\\"\\">Pkg Insights</h2>
  </header>
  <section data-v-7a7a37b1=\\"\\" class=\\"el-container\\">
    <main data-v-7a7a37b1=\\"\\" class=\\"el-main\\">
      <div data-v-7a7a37b1=\\"\\" class=\\"el-row\\">
        <div data-v-7a7a37b1=\\"\\" class=\\"el-col el-col-8\\"></div>
        <div data-v-7a7a37b1=\\"\\" class=\\"el-col el-col-8\\">
          <div data-v-7a7a37b1=\\"\\" class=\\"search-box\\">
            <div class=\\"el-autocomplete el-tooltip__trigger el-tooltip__trigger\\" style=\\"width: 100%;\\" role=\\"combobox\\" aria-owns=\\"el-autocomplete-5445\\" aria-controls=\\"el-id-5349-0\\" aria-haspopup=\\"listbox\\" aria-expanded=\\"false\\">
              <div class=\\"el-input el-input--suffix\\">
                <!-- input -->
                <!-- prepend slot -->
                <!--v-if-->
                <div class=\\"el-input__wrapper\\" tabindex=\\"-1\\">
                  <!-- prefix slot -->
                  <!--v-if--><input class=\\"el-input__inner\\" type=\\"text\\" autocomplete=\\"off\\" tabindex=\\"0\\" placeholder=\\"Please Input\\" role=\\"textbox\\" aria-autocomplete=\\"list\\" aria-controls=\\"id\\" aria-activedescendant=\\"el-autocomplete-5445-item--1\\" id=\\"el-id-5349-2\\"><!-- suffix slot -->
                  <!--v-if-->
                </div><!-- append slot -->
                <!--v-if-->
              </div>
            </div>
            <!--teleport start-->
            <!--teleport end--><button data-v-7a7a37b1=\\"\\" ariadisabled=\\"false\\" autofocus=\\"false\\" type=\\"button\\" class=\\"el-button el-button--primary\\">
              <!--v-if--><span class=\\"\\">查找</span>
            </button>
          </div>
        </div>
        <div data-v-7a7a37b1=\\"\\" class=\\"el-col el-col-8\\">
          <div data-v-7a7a37b1=\\"\\" class=\\"switch-box\\">
            <div data-v-7a7a37b1=\\"\\" class=\\"switch\\"><span data-v-7a7a37b1=\\"\\">展示名字</span>
              <div data-v-7a7a37b1=\\"\\" class=\\"el-switch el-switch--small is-checked\\"><input class=\\"el-switch__input\\" type=\\"checkbox\\" role=\\"switch\\" aria-checked=\\"true\\" aria-disabled=\\"false\\" name=\\"\\" true-value=\\"true\\" false-value=\\"false\\" id=\\"el-id-5349-3\\">
                <!--v-if--><span class=\\"el-switch__core\\"><!--v-if--><div class=\\"el-switch__action\\"><!--v-if--></div></span>
                <!--v-if-->
              </div>
            </div>
            <div data-v-7a7a37b1=\\"\\" class=\\"switch\\"><span data-v-7a7a37b1=\\"\\">展示箭头</span>
              <div data-v-7a7a37b1=\\"\\" class=\\"el-switch el-switch--small is-checked\\"><input class=\\"el-switch__input\\" type=\\"checkbox\\" role=\\"switch\\" aria-checked=\\"true\\" aria-disabled=\\"false\\" name=\\"\\" true-value=\\"true\\" false-value=\\"false\\" id=\\"el-id-5349-4\\">
                <!--v-if--><span class=\\"el-switch__core\\"><!--v-if--><div class=\\"el-switch__action\\"><!--v-if--></div></span>
                <!--v-if-->
              </div>
            </div>
            <div data-v-7a7a37b1=\\"\\" class=\\"switch\\"><span data-v-7a7a37b1=\\"\\">定位中心点(实验性)</span>
              <div data-v-7a7a37b1=\\"\\" class=\\"el-switch el-switch--small\\"><input class=\\"el-switch__input\\" type=\\"checkbox\\" role=\\"switch\\" aria-checked=\\"false\\" aria-disabled=\\"false\\" name=\\"\\" true-value=\\"true\\" false-value=\\"false\\" id=\\"el-id-5349-5\\">
                <!--v-if--><span class=\\"el-switch__core\\"><!--v-if--><div class=\\"el-switch__action\\"><!--v-if--></div></span>
                <!--v-if-->
              </div>
            </div>
            <div data-v-7a7a37b1=\\"\\" class=\\"upload-btn\\">
              <div data-v-7a7a37b1=\\"\\">
                <!--v-if-->
                <div class=\\"el-upload el-upload--text\\" tabindex=\\"0\\"><button data-v-7a7a37b1=\\"\\" ariadisabled=\\"false\\" autofocus=\\"false\\" type=\\"button\\" class=\\"el-button el-button--success el-button--small\\">
                    <!--v-if--><span class=\\"\\">上传</span>
                  </button>
                  <!--v-if--><input class=\\"el-upload__input\\" name=\\"file\\" accept=\\"application/json\\" type=\\"file\\">
                </div>
                <!--v-if-->
              </div>
            </div>
          </div>
        </div>
      </div>
      <div data-v-7a7a37b1=\\"\\" class=\\"container el-loading-parent--relative\\" loading-number=\\"1\\">
        <div data-v-7a7a37b1=\\"\\" class=\\"svg-box\\">
          <div data-v-7a7a37b1=\\"\\" class=\\"svg-tools-box\\">
            <!-- 全屏按钮, 使用图标导致图像不显示, 暂不使用 -->
            <!-- <el-button class=\\"fullscreen-btn\\" @click=\\"toggleFullscreen\\" :icon=\\"FullScreen\\" circle /> --><button data-v-7a7a37b1=\\"\\" ariadisabled=\\"false\\" autofocus=\\"false\\" type=\\"button\\" class=\\"el-button\\" title=\\"全屏\\">
              <!--v-if--><span class=\\"\\">全屏</span>
            </button><button data-v-7a7a37b1=\\"\\" ariadisabled=\\"false\\" autofocus=\\"false\\" type=\\"button\\" class=\\"el-button\\" title=\\"下载\\">
              <!--v-if--><span class=\\"\\">下载</span>
            </button>
          </div>
          <div data-v-7a7a37b1=\\"\\"><svg data-v-7a7a37b1=\\"\\" id=\\"mainsvg\\" class=\\"svg\\" width=\\"1200\\" height=\\"620\\" viewBox=\\"0 0 1200 620\\">
              <defs data-v-7a7a37b1=\\"\\">
                <marker data-v-7a7a37b1=\\"\\" id=\\"triangle-gray\\" viewBox=\\"0 0 10 20\\" refX=\\"17\\" refY=\\"5\\" markerUnits=\\"strokeWidth\\" markerWidth=\\"10\\" markerHeight=\\"20\\" orient=\\"auto-start-reverse\\">
                  <path data-v-7a7a37b1=\\"\\" d=\\"M 0 0 L 10 5 L 0 10 z\\" fill=\\"gray\\"></path>
                </marker>
                <marker data-v-7a7a37b1=\\"\\" id=\\"triangle-red\\" viewBox=\\"0 0 10 20\\" refX=\\"17\\" refY=\\"5\\" markerUnits=\\"strokeWidth\\" markerWidth=\\"10\\" markerHeight=\\"20\\" orient=\\"auto-start-reverse\\">
                  <path data-v-7a7a37b1=\\"\\" d=\\"M 0 0 L 10 5 L 0 10 z\\" fill=\\"red\\"></path>
                </marker>
              </defs>
            </svg></div>
        </div>
        <div data-v-7a7a37b1=\\"\\" class=\\"detail-box\\">
          <div data-v-460d2e40=\\"\\" class=\\"el-descriptions\\">
            <div class=\\"el-descriptions__header\\">
              <div class=\\"el-descriptions__title\\">根项目详情</div>
              <div class=\\"el-descriptions__extra\\"></div>
            </div>
            <div class=\\"el-descriptions__body\\">
              <table class=\\"el-descriptions__table is-bordered\\">
                <tbody>
                  <tr>
                    <td style=\\"min-width: 150px;\\" class=\\"el-descriptions__cell el-descriptions__label is-bordered-label\\" colspan=\\"1\\">项目名称</td>
                    <td style=\\"min-width: 150px;\\" class=\\"el-descriptions__cell el-descriptions__content is-bordered-content\\" colspan=\\"NaN\\"></td>
                  </tr>
                  <tr>
                    <td class=\\"el-descriptions__cell el-descriptions__label is-bordered-label\\" colspan=\\"1\\">版本</td>
                    <td class=\\"el-descriptions__cell el-descriptions__content is-bordered-content\\" colspan=\\"NaN\\"></td>
                  </tr>
                  <tr>
                    <td class=\\"el-descriptions__cell el-descriptions__label is-bordered-label\\" colspan=\\"1\\">分析依赖层数</td>
                    <td class=\\"el-descriptions__cell el-descriptions__content is-bordered-content\\" colspan=\\"NaN\\">
                      <div data-v-460d2e40=\\"\\" class=\\"el-select el-select--small m-2\\">
                        <div class=\\"select-trigger el-tooltip__trigger el-tooltip__trigger\\">
                          <!--v-if-->
                          <!-- fix: https://github.com/element-plus/element-plus/issues/11415 -->
                          <!--v-if-->
                          <div class=\\"el-input el-input--small el-input--suffix\\">
                            <!-- input -->
                            <!-- prepend slot -->
                            <!--v-if-->
                            <div class=\\"el-input__wrapper\\" tabindex=\\"-1\\">
                              <!-- prefix slot -->
                              <!--v-if--><input class=\\"el-input__inner\\" type=\\"text\\" readonly=\\"\\" autocomplete=\\"off\\" tabindex=\\"0\\" placeholder=\\"Select\\" id=\\"el-id-5349-6\\"><!-- suffix slot --><span class=\\"el-input__suffix\\"><span class=\\"el-input__suffix-inner\\"><i class=\\"el-icon el-select__caret el-select__icon\\"><svg xmlns=\\"http://www.w3.org/2000/svg\\" viewBox=\\"0 0 1024 1024\\"><path fill=\\"currentColor\\" d=\\"M831.872 340.864 512 652.672 192.128 340.864a30.592 30.592 0 0 0-42.752 0 29.12 29.12 0 0 0 0 41.6L489.664 714.24a32 32 0 0 0 44.672 0l340.288-331.712a29.12 29.12 0 0 0 0-41.728 30.592 30.592 0 0 0-42.752 0z\\"></path></svg></i><!--v-if--><!--v-if--><!--v-if--><!--v-if--><!--v-if--><!--v-if--></span></span>
                            </div><!-- append slot -->
                            <!--v-if-->
                          </div>
                        </div>
                        <!--teleport start-->
                        <!--teleport end-->
                      </div>
                    </td>
                  </tr>
                  <tr>
                    <td class=\\"el-descriptions__cell el-descriptions__label is-bordered-label\\" colspan=\\"1\\">分析节点数</td>
                    <td class=\\"el-descriptions__cell el-descriptions__content is-bordered-content\\" colspan=\\"NaN\\">0</td>
                  </tr>
                  <tr>
                    <td class=\\"el-descriptions__cell el-descriptions__label is-bordered-label\\" colspan=\\"1\\">是否有多版本依赖</td>
                    <td class=\\"el-descriptions__cell el-descriptions__content is-bordered-content\\" colspan=\\"NaN\\">
                      <transition-stub data-v-460d2e40=\\"\\" name=\\"el-zoom-in-center\\" appear=\\"true\\" persisted=\\"false\\" css=\\"true\\"><span class=\\"el-tag el-tag--info el-tag--light\\"><span class=\\"el-tag__content\\">否</span>
                        <!--v-if--></span>
                      </transition-stub>
                      <!--v-if-->
                    </td>
                  </tr>
                  <tr>
                    <td class=\\"el-descriptions__cell el-descriptions__label is-bordered-label\\" colspan=\\"1\\">是否有循环依赖</td>
                    <td class=\\"el-descriptions__cell el-descriptions__content is-bordered-content\\" colspan=\\"1\\">
                      <transition-stub data-v-460d2e40=\\"\\" name=\\"el-zoom-in-center\\" appear=\\"true\\" persisted=\\"false\\" css=\\"true\\"><span class=\\"el-tag el-tag--info el-tag--light\\"><span class=\\"el-tag__content\\">否</span>
                        <!--v-if--></span>
                      </transition-stub>
                      <!--v-if-->
                    </td>
                  </tr>
                </tbody>
              </table>
            </div>
          </div>
          <div data-v-460d2e40=\\"\\" style=\\"display: none;\\">
            <div data-v-460d2e40=\\"\\" class=\\"el-descriptions\\">
              <div class=\\"el-descriptions__header\\">
                <div class=\\"el-descriptions__title\\">项目多版本依赖详情</div>
                <div class=\\"el-descriptions__extra\\"></div>
              </div>
              <div class=\\"el-descriptions__body\\">
                <table class=\\"el-descriptions__table is-bordered\\">
                  <tbody>
                    <tr>
                      <td class=\\"el-descriptions__cell el-descriptions__label is-bordered-label\\" colspan=\\"1\\">false</td>
                      <td class=\\"el-descriptions__cell el-descriptions__content is-bordered-content\\" colspan=\\"1\\">
                        <div data-v-460d2e40=\\"\\" class=\\"links-box\\"></div>
                      </td>
                    </tr>
                  </tbody>
                </table>
              </div>
            </div>
          </div>
          <div data-v-460d2e40=\\"\\" style=\\"display: none;\\">
            <div data-v-460d2e40=\\"\\" class=\\"el-descriptions\\">
              <!--v-if-->
              <div class=\\"el-descriptions__body\\">
                <table class=\\"el-descriptions__table is-bordered\\">
                  <tbody>
                    <tr>
                      <th class=\\"el-descriptions__cell el-descriptions__label is-bordered-label is-vertical-label\\" colspan=\\"1\\">循环依赖详情</th>
                    </tr>
                    <tr>
                      <td class=\\"el-descriptions__cell el-descriptions__content is-bordered-content is-vertical-content\\" colspan=\\"1\\">
                        <div data-v-460d2e40=\\"\\">
                          <div data-v-460d2e40=\\"\\" class=\\"links\\"><span data-v-460d2e40=\\"\\">[</span><span data-v-460d2e40=\\"\\">]</span></div>
                        </div>
                      </td>
                    </tr>
                  </tbody>
                </table>
              </div>
            </div>
          </div><!-- 本地文件缺乏具体节点数据, 所以不展示 -->
          <div data-v-938b9439=\\"\\" data-v-7a7a37b1=\\"\\" class=\\"el-descriptions\\" style=\\"display: none;\\">
            <div class=\\"el-descriptions__header\\">
              <div class=\\"el-descriptions__title\\">依赖详情</div>
              <div class=\\"el-descriptions__extra\\"></div>
            </div>
            <div class=\\"el-descriptions__body\\">
              <table class=\\"el-descriptions__table is-bordered\\">
                <tbody>
                  <tr>
                    <td style=\\"min-width: 150px;\\" class=\\"el-descriptions__cell el-descriptions__label is-bordered-label\\" colspan=\\"1\\">包名</td>
                    <td style=\\"min-width: 150px;\\" class=\\"el-descriptions__cell el-descriptions__content is-bordered-content\\" colspan=\\"NaN\\"></td>
                  </tr>
                  <tr>
                    <td class=\\"el-descriptions__cell el-descriptions__label is-bordered-label\\" colspan=\\"1\\">版本</td>
                    <td class=\\"el-descriptions__cell el-descriptions__content is-bordered-content\\" colspan=\\"NaN\\"></td>
                  </tr>
                  <tr>
                    <td class=\\"el-descriptions__cell el-descriptions__label is-bordered-label\\" colspan=\\"1\\">是否循环依赖</td>
                    <td class=\\"el-descriptions__cell el-descriptions__content is-bordered-content\\" colspan=\\"NaN\\">
                      <transition-stub data-v-938b9439=\\"\\" name=\\"el-zoom-in-center\\" appear=\\"true\\" persisted=\\"false\\" css=\\"true\\"><span class=\\"el-tag el-tag--info el-tag--light\\"><span class=\\"el-tag__content\\">否</span>
                        <!--v-if--></span>
                      </transition-stub>
                    </td>
                  </tr>
                  <tr>
                    <td class=\\"el-descriptions__cell el-descriptions__label is-bordered-label\\" colspan=\\"1\\">是否多版本</td>
                    <td class=\\"el-descriptions__cell el-descriptions__content is-bordered-content\\" colspan=\\"NaN\\">
                      <transition-stub data-v-938b9439=\\"\\" name=\\"el-zoom-in-center\\" appear=\\"true\\" persisted=\\"false\\" css=\\"true\\"><span class=\\"el-tag el-tag--info el-tag--light\\"><span class=\\"el-tag__content\\">否</span>
                        <!--v-if--></span>
                      </transition-stub>
                    </td>
                  </tr>
                  <tr>
                    <td class=\\"el-descriptions__cell el-descriptions__label is-bordered-label\\" colspan=\\"1\\">多版本查询</td>
                    <td class=\\"el-descriptions__cell el-descriptions__content is-bordered-content\\" colspan=\\"1\\">
                      <div data-v-938b9439=\\"\\" class=\\"links-box\\"></div>
                    </td>
                  </tr>
                </tbody>
              </table>
            </div>
          </div>
        </div>
        <transition-stub name=\\"el-loading-fade\\" appear=\\"false\\" persisted=\\"false\\" css=\\"true\\">
          <div class=\\"el-loading-mask\\">
            <div class=\\"el-loading-spinner\\"><svg class=\\"circular\\" viewBox=\\"0 0 50 50\\">
                <circle class=\\"path\\" cx=\\"25\\" cy=\\"25\\" r=\\"20\\" fill=\\"none\\"></circle>
              </svg>
              <!---->
            </div>
          </div>
        </transition-stub>
      </div>
    </main>
  </section>
</section>"
`;
